// Jest Snapshot v1, https://goo.gl/fbAQLP

exports[`Guest snapshot test 1`] = `
<div
  className="row"
>
  <div
    className="col-lg-4 col-md-4 col-sm-6 col-xs-12"
  >
    <div
      className="col-lg-12 col-md-12 col-sm-12 col-xs-12"
    >
      
    </div>
  </div>
</div>
`;
