// Jest Snapshot v1, https://goo.gl/fbAQLP

exports[`Guest snapshot test 1`] = `
<div
  className="mb-3 col-lg-4 col-md-6 col-sm-12 col-12"
>
  
</div>
`;
